---
source: src/output/json.rs
assertion_line: 337
expression: render(&graph)
---
{
  "schema_version": 1,
  "nodes": [
    {
      "id": "/project/index.php",
      "kind": "entry",
      "display_name": "index.php",
      "is_entrypoint": true,
      "absolute_path": "/project/index.php",
      "root_relative_path": "index.php"
    },
    {
      "id": "unresolved::$dynamic",
      "kind": "unresolved",
      "display_name": "unresolved: $dynamic",
      "is_entrypoint": false
    }
  ],
  "edges": [
    {
      "from": "/project/index.php",
      "to": "unresolved::$dynamic",
      "kind": "unresolved"
    }
  ]
}
